
         /\      Grafana   /‾‾/  
    /\  /  \     |\  __   /  /   
   /  \/    \    | |/ /  /   ‾‾\ 
  /          \   |   (  |  (‾)  |
 / __________ \  |_|\_\  \_____/ 


     execution: local
        script: scripts/bench/bench.js
        output: -

     scenarios: (100.00%) 1 scenario, 20 max VUs, 50s max duration (incl. graceful stop):
              * concurrent: 1 iterations for each of 20 VUs (maxDuration: 20s, gracefulStop: 30s)

time="2026-08-28T03:29:05+08:00" level=info msg="[setup] registering 20 users..." source=console

Run          [ 100% ] setup()
concurrent   [   0% ]

Run          [ 100% ] setup()
concurrent   [   0% ]
time="2026-08-28T03:29:07+08:00" level=info msg="[setup] logged in 20/20 users" source=console
time="2026-08-28T03:29:07+08:00" level=info msg="[setup] creating friend pairs for concurrent..." source=console

Run          [ 100% ] setup()
concurrent   [   0% ]
time="2026-08-28T03:29:09+08:00" level=info msg="[setup] done." source=console

running (04.0s), 20/20 VUs, 0 complete and 0 interrupted iterations
concurrent   [   0% ] 20 VUs  00.0s/20s  00/20 iters, 1 per VU

running (05.0s), 20/20 VUs, 0 complete and 0 interrupted iterations
concurrent   [   0% ] 20 VUs  01.0s/20s  00/20 iters, 1 per VU

running (06.0s), 20/20 VUs, 0 complete and 0 interrupted iterations
concurrent   [   0% ] 20 VUs  02.0s/20s  00/20 iters, 1 per VU

running (07.0s), 20/20 VUs, 0 complete and 0 interrupted iterations
concurrent   [   0% ] 20 VUs  03.0s/20s  00/20 iters, 1 per VU

running (08.0s), 20/20 VUs, 0 complete and 0 interrupted iterations
concurrent   [   0% ] 20 VUs  04.0s/20s  00/20 iters, 1 per VU

running (09.0s), 20/20 VUs, 0 complete and 0 interrupted iterations
concurrent   [   0% ] 20 VUs  05.0s/20s  00/20 iters, 1 per VU

running (10.0s), 20/20 VUs, 0 complete and 0 interrupted iterations
concurrent   [   0% ] 20 VUs  06.0s/20s  00/20 iters, 1 per VU

running (11.0s), 20/20 VUs, 0 complete and 0 interrupted iterations
concurrent   [   0% ] 20 VUs  07.0s/20s  00/20 iters, 1 per VU

running (12.0s), 20/20 VUs, 0 complete and 0 interrupted iterations
concurrent   [   0% ] 20 VUs  08.0s/20s  00/20 iters, 1 per VU

running (13.0s), 20/20 VUs, 0 complete and 0 interrupted iterations
concurrent   [   0% ] 20 VUs  09.0s/20s  00/20 iters, 1 per VU

running (14.0s), 20/20 VUs, 0 complete and 0 interrupted iterations
concurrent   [   0% ] 20 VUs  10.0s/20s  00/20 iters, 1 per VU

running (15.0s), 20/20 VUs, 0 complete and 0 interrupted iterations
concurrent   [   0% ] 20 VUs  11.0s/20s  00/20 iters, 1 per VU


  █ THRESHOLDS 

    http_req_failed{name:login}
    ✓ 'rate<0.01' rate=0.00%


  █ TOTAL RESULTS 

    CUSTOM
    msg_accepted_total.............: 40      2.505833/s
    msg_attempted_total............: 40      2.505833/s
    msg_delivery_rate..............: 100.00% 40 out of 40
    msg_e2e_latency_ms.............: avg=707.97ms min=162ms    med=739ms   max=1.13s    p(50)=739ms   p(90)=997.5ms p(95)=1.07s   p(99)=1.11s  
    msg_expected_receipts_total....: 40      2.505833/s
    msg_received_total.............: 40      2.505833/s
    msg_sent_total.................: 40      2.505833/s

    HTTP
    http_req_duration..............: avg=39.39ms  min=741.39µs med=46.23ms max=155.25ms p(50)=46.23ms p(90)=63.87ms p(95)=74.38ms p(99)=94.64ms
      { expected_response:true }...: avg=39.39ms  min=741.39µs med=46.23ms max=155.25ms p(50)=46.23ms p(90)=63.87ms p(95)=74.38ms p(99)=94.64ms
    http_req_failed................: 0.00%   0 out of 100
      { name:login }...............: 0.00%   0 out of 20
    http_reqs......................: 100     6.264584/s

    EXECUTION
    iteration_duration.............: avg=12s      min=12s      med=12s     max=12s      p(50)=12s     p(90)=12s     p(95)=12s     p(99)=12s    
    iterations.....................: 20      1.252917/s
    vus............................: 20      min=0        max=20
    vus_max........................: 20      min=20       max=20

    NETWORK
    data_received..................: 102 kB  6.4 kB/s
    data_sent......................: 55 kB   3.4 kB/s

    WEBSOCKET
    ws_connecting..................: avg=2.35ms   min=1.2ms    med=2.32ms  max=3.64ms   p(50)=2.32ms  p(90)=3.25ms  p(95)=3.28ms  p(99)=3.57ms 
    ws_msgs_received...............: 104     6.515167/s
    ws_msgs_sent...................: 40      2.505833/s
    ws_session_duration............: avg=12s      min=12s      med=12s     max=12s      p(50)=12s     p(90)=12s     p(95)=12s     p(99)=12s    
    ws_sessions....................: 20      1.252917/s




running (16.0s), 00/20 VUs, 20 complete and 0 interrupted iterations
concurrent ✓ [ 100% ] 20 VUs  12.0s/20s  20/20 iters, 1 per VU
