
         /\      Grafana   /‾‾/  
    /\  /  \     |\  __   /  /   
   /  \/    \    | |/ /  /   ‾‾\ 
  /          \   |   (  |  (‾)  |
 / __________ \  |_|\_\  \_____/ 

     execution: local
        script: scripts/bench/bench.js
        output: -

     scenarios: (100.00%) 1 scenario, 20 max VUs, 50s max duration (incl. graceful stop):
              * concurrent: 1 iterations for each of 20 VUs (maxDuration: 20s, gracefulStop: 30s)

time="2026-08-30T10:57:06+08:00" level=info msg="[setup] registering 20 users..." source=console

Run          [ 100% ] setup()
concurrent   [   0% ]

Run          [ 100% ] setup()
concurrent   [   0% ]
time="2026-08-30T10:57:09+08:00" level=info msg="[setup] logged in 20/20 users" source=console
time="2026-08-30T10:57:09+08:00" level=info msg="[setup] creating friend pairs for concurrent..." source=console

Run          [ 100% ] setup()
concurrent   [   0% ]
time="2026-08-30T10:57:09+08:00" level=info msg="[setup] done." source=console

running (04.0s), 20/20 VUs, 0 complete and 0 interrupted iterations
concurrent   [   0% ] 20 VUs  00.9s/20s  00/20 iters, 1 per VU

running (05.0s), 20/20 VUs, 0 complete and 0 interrupted iterations
concurrent   [   0% ] 20 VUs  01.9s/20s  00/20 iters, 1 per VU

running (06.0s), 20/20 VUs, 0 complete and 0 interrupted iterations
concurrent   [   0% ] 20 VUs  02.9s/20s  00/20 iters, 1 per VU

running (07.0s), 20/20 VUs, 0 complete and 0 interrupted iterations
concurrent   [   0% ] 20 VUs  03.9s/20s  00/20 iters, 1 per VU

running (08.0s), 20/20 VUs, 0 complete and 0 interrupted iterations
concurrent   [   0% ] 20 VUs  04.9s/20s  00/20 iters, 1 per VU

running (09.0s), 20/20 VUs, 0 complete and 0 interrupted iterations
concurrent   [   0% ] 20 VUs  05.9s/20s  00/20 iters, 1 per VU

running (10.0s), 20/20 VUs, 0 complete and 0 interrupted iterations
concurrent   [   0% ] 20 VUs  06.9s/20s  00/20 iters, 1 per VU

running (11.0s), 20/20 VUs, 0 complete and 0 interrupted iterations
concurrent   [   0% ] 20 VUs  07.9s/20s  00/20 iters, 1 per VU

running (12.0s), 20/20 VUs, 0 complete and 0 interrupted iterations
concurrent   [   0% ] 20 VUs  08.9s/20s  00/20 iters, 1 per VU

running (13.0s), 20/20 VUs, 0 complete and 0 interrupted iterations
concurrent   [   0% ] 20 VUs  09.9s/20s  00/20 iters, 1 per VU

running (14.0s), 20/20 VUs, 0 complete and 0 interrupted iterations
concurrent   [   0% ] 20 VUs  10.9s/20s  00/20 iters, 1 per VU

running (15.0s), 20/20 VUs, 0 complete and 0 interrupted iterations
concurrent   [   0% ] 20 VUs  11.9s/20s  00/20 iters, 1 per VU


  █ THRESHOLDS 

    http_req_failed{name:login}
    ✓ 'rate<0.01' rate=0.00%


  █ TOTAL RESULTS 

    CUSTOM
    msg_accepted_total.............: 40      2.642286/s
    msg_attempted_total............: 40      2.642286/s
    msg_delivery_rate..............: 100.00% 40 out of 40
    msg_e2e_latency_ms.............: avg=71.09ms min=23ms     med=102.5ms max=117ms   p(50)=102.5ms p(90)=112.1ms p(95)=113.05ms p(99)=115.83ms
    msg_expected_receipts_total....: 40      2.642286/s
    msg_received_total.............: 40      2.642286/s
    msg_sent_total.................: 40      2.642286/s

    HTTP
    http_req_duration..............: avg=31.09ms min=526.17µs med=3.99ms  max=76.78ms p(50)=3.99ms  p(90)=74.63ms p(95)=75.54ms  p(99)=76.23ms 
      { expected_response:true }...: avg=31.09ms min=526.17µs med=3.99ms  max=76.78ms p(50)=3.99ms  p(90)=74.63ms p(95)=75.54ms  p(99)=76.23ms 
    http_req_failed................: 0.00%   0 out of 100
      { name:login }...............: 0.00%   0 out of 20
    http_reqs......................: 100     6.605715/s

    EXECUTION
    iteration_duration.............: avg=12s     min=12s      med=12s     max=12s     p(50)=12s     p(90)=12s     p(95)=12s      p(99)=12s     
    iterations.....................: 20      1.321143/s
    vus............................: 20      min=0        max=20
    vus_max........................: 20      min=20       max=20

    NETWORK
    data_received..................: 115 kB  7.6 kB/s
    data_sent......................: 56 kB   3.7 kB/s

    WEBSOCKET
    ws_connecting..................: avg=3.83ms  min=1.8ms    med=3.53ms  max=6.5ms   p(50)=3.53ms  p(90)=5.74ms  p(95)=6.47ms   p(99)=6.5ms   
    ws_msgs_received...............: 133     8.7856/s
    ws_msgs_sent...................: 40      2.642286/s
    ws_session_duration............: avg=12s     min=12s      med=12s     max=12s     p(50)=12s     p(90)=12s     p(95)=12s      p(99)=12s     
    ws_sessions....................: 20      1.321143/s




running (15.1s), 00/20 VUs, 20 complete and 0 interrupted iterations
concurrent ✓ [ 100% ] 20 VUs  12.0s/20s  20/20 iters, 1 per VU
