
         /\      Grafana   /‾‾/  
    /\  /  \     |\  __   /  /   
   /  \/    \    | |/ /  /   ‾‾\ 
  /          \   |   (  |  (‾)  |
 / __________ \  |_|\_\  \_____/ 

     execution: local
        script: scripts/bench/bench.js
        output: -

     scenarios: (100.00%) 1 scenario, 20 max VUs, 50s max duration (incl. graceful stop):
              * concurrent: 1 iterations for each of 20 VUs (maxDuration: 20s, gracefulStop: 30s)

time="2026-08-30T10:44:17+08:00" level=info msg="[setup] registering 20 users..." source=console

Run          [ 100% ] setup()
concurrent   [   0% ]

Run          [ 100% ] setup()
concurrent   [   0% ]

Run          [ 100% ] setup()
concurrent   [   0% ]
time="2026-08-30T10:44:20+08:00" level=info msg="[setup] logged in 20/20 users" source=console
time="2026-08-30T10:44:20+08:00" level=info msg="[setup] creating friend pairs for concurrent..." source=console
time="2026-08-30T10:44:20+08:00" level=info msg="[setup] done." source=console

running (04.0s), 20/20 VUs, 0 complete and 0 interrupted iterations
concurrent   [   0% ] 20 VUs  00.8s/20s  00/20 iters, 1 per VU

running (05.0s), 20/20 VUs, 0 complete and 0 interrupted iterations
concurrent   [   0% ] 20 VUs  01.8s/20s  00/20 iters, 1 per VU

running (06.0s), 20/20 VUs, 0 complete and 0 interrupted iterations
concurrent   [   0% ] 20 VUs  02.8s/20s  00/20 iters, 1 per VU

running (07.0s), 20/20 VUs, 0 complete and 0 interrupted iterations
concurrent   [   0% ] 20 VUs  03.8s/20s  00/20 iters, 1 per VU

running (08.0s), 20/20 VUs, 0 complete and 0 interrupted iterations
concurrent   [   0% ] 20 VUs  04.8s/20s  00/20 iters, 1 per VU

running (09.0s), 20/20 VUs, 0 complete and 0 interrupted iterations
concurrent   [   0% ] 20 VUs  05.8s/20s  00/20 iters, 1 per VU

running (10.0s), 20/20 VUs, 0 complete and 0 interrupted iterations
concurrent   [   0% ] 20 VUs  06.8s/20s  00/20 iters, 1 per VU

running (11.0s), 20/20 VUs, 0 complete and 0 interrupted iterations
concurrent   [   0% ] 20 VUs  07.8s/20s  00/20 iters, 1 per VU

running (12.0s), 20/20 VUs, 0 complete and 0 interrupted iterations
concurrent   [   0% ] 20 VUs  08.8s/20s  00/20 iters, 1 per VU

running (13.0s), 20/20 VUs, 0 complete and 0 interrupted iterations
concurrent   [   0% ] 20 VUs  09.8s/20s  00/20 iters, 1 per VU

running (14.0s), 20/20 VUs, 0 complete and 0 interrupted iterations
concurrent   [   0% ] 20 VUs  10.8s/20s  00/20 iters, 1 per VU

running (15.0s), 20/20 VUs, 0 complete and 0 interrupted iterations
concurrent   [   0% ] 20 VUs  11.8s/20s  00/20 iters, 1 per VU


  █ THRESHOLDS 

    http_req_failed{name:login}
    ✓ 'rate<0.01' rate=0.00%


  █ TOTAL RESULTS 

    CUSTOM
    msg_accepted_total.............: 80      5.277344/s
    msg_attempted_total............: 80      5.277344/s
    msg_delivery_rate..............: 100.00% 80 out of 80
    msg_e2e_latency_ms.............: avg=65.41ms min=21ms     med=91.5ms max=106ms   p(50)=91.5ms p(90)=101.1ms p(95)=103.05ms p(99)=104.41ms
    msg_expected_receipts_total....: 80      5.277344/s
    msg_received_total.............: 80      5.277344/s
    msg_sent_total.................: 80      5.277344/s

    HTTP
    http_req_duration..............: avg=31.25ms min=548.84µs med=3.59ms max=88.36ms p(50)=3.59ms p(90)=74.76ms p(95)=75.41ms  p(99)=78.05ms 
      { expected_response:true }...: avg=31.25ms min=548.84µs med=3.59ms max=88.36ms p(50)=3.59ms p(90)=74.76ms p(95)=75.41ms  p(99)=78.05ms 
    http_req_failed................: 0.00%   0 out of 100
      { name:login }...............: 0.00%   0 out of 20
    http_reqs......................: 100     6.59668/s

    EXECUTION
    iteration_duration.............: avg=12s     min=12s      med=12s    max=12s     p(50)=12s    p(90)=12s     p(95)=12s      p(99)=12s     
    iterations.....................: 20      1.319336/s
    vus............................: 20      min=0        max=20
    vus_max........................: 20      min=20       max=20

    NETWORK
    data_received..................: 147 kB  9.7 kB/s
    data_sent......................: 63 kB   4.1 kB/s

    WEBSOCKET
    ws_connecting..................: avg=3.4ms   min=741.68µs med=3.44ms max=6.54ms  p(50)=3.44ms p(90)=5.73ms  p(95)=6.2ms    p(99)=6.47ms  
    ws_msgs_received...............: 208     13.721095/s
    ws_msgs_sent...................: 80      5.277344/s
    ws_session_duration............: avg=12s     min=12s      med=12s    max=12s     p(50)=12s    p(90)=12s     p(95)=12s      p(99)=12s     
    ws_sessions....................: 20      1.319336/s




running (15.2s), 00/20 VUs, 20 complete and 0 interrupted iterations
concurrent ✓ [ 100% ] 20 VUs  12.0s/20s  20/20 iters, 1 per VU
